Archive member included to satisfy reference by file (symbol)

d:/st/stm32cubeide_1.0.2/stm32cubeide/plugins/com.st.stm32cube.ide.mcu.externaltools.gnu-tools-for-stm32.7-2018-q2-update.win32_1.0.0.201904181610/tools/bin/../lib/gcc/arm-none-eabi/7.3.1/../../../../arm-none-eabi/lib/thumb/v6-m\libstdc++_nano.a(pure.o)
                              Core/subsystem-can-driver/subsystem-data-module.o (__cxa_pure_virtual)
d:/st/stm32cubeide_1.0.2/stm32cubeide/plugins/com.st.stm32cube.ide.mcu.externaltools.gnu-tools-for-stm32.7-2018-q2-update.win32_1.0.0.201904181610/tools/bin/../lib/gcc/arm-none-eabi/7.3.1/../../../../arm-none-eabi/lib/thumb/v6-m\libstdc++_nano.a(eh_terminate.o)
                              d:/st/stm32cubeide_1.0.2/stm32cubeide/plugins/com.st.stm32cube.ide.mcu.externaltools.gnu-tools-for-stm32.7-2018-q2-update.win32_1.0.0.201904181610/tools/bin/../lib/gcc/arm-none-eabi/7.3.1/../../../../arm-none-eabi/lib/thumb/v6-m\libstdc++_nano.a(pure.o) (std::terminate())
d:/st/stm32cubeide_1.0.2/stm32cubeide/plugins/com.st.stm32cube.ide.mcu.externaltools.gnu-tools-for-stm32.7-2018-q2-update.win32_1.0.0.201904181610/tools/bin/../lib/gcc/arm-none-eabi/7.3.1/../../../../arm-none-eabi/lib/thumb/v6-m\libstdc++_nano.a(eh_unex_handler.o)
                              d:/st/stm32cubeide_1.0.2/stm32cubeide/plugins/com.st.stm32cube.ide.mcu.externaltools.gnu-tools-for-stm32.7-2018-q2-update.win32_1.0.0.201904181610/tools/bin/../lib/gcc/arm-none-eabi/7.3.1/../../../../arm-none-eabi/lib/thumb/v6-m\libstdc++_nano.a(eh_terminate.o) (__cxxabiv1::__unexpected_handler)
d:/st/stm32cubeide_1.0.2/stm32cubeide/plugins/com.st.stm32cube.ide.mcu.externaltools.gnu-tools-for-stm32.7-2018-q2-update.win32_1.0.0.201904181610/tools/bin/../lib/gcc/arm-none-eabi/7.3.1/../../../../arm-none-eabi/lib/thumb/v6-m\libstdc++_nano.a(eh_term_handler.o)
                              d:/st/stm32cubeide_1.0.2/stm32cubeide/plugins/com.st.stm32cube.ide.mcu.externaltools.gnu-tools-for-stm32.7-2018-q2-update.win32_1.0.0.201904181610/tools/bin/../lib/gcc/arm-none-eabi/7.3.1/../../../../arm-none-eabi/lib/thumb/v6-m\libstdc++_nano.a(eh_terminate.o) (__cxxabiv1::__terminate_handler)
d:/st/stm32cubeide_1.0.2/stm32cubeide/plugins/com.st.stm32cube.ide.mcu.externaltools.gnu-tools-for-stm32.7-2018-q2-update.win32_1.0.0.201904181610/tools/bin/../lib/gcc/arm-none-eabi/7.3.1/../../../../arm-none-eabi/lib/thumb/v6-m\libc_nano.a(lib_a-abort.o)
                              d:/st/stm32cubeide_1.0.2/stm32cubeide/plugins/com.st.stm32cube.ide.mcu.externaltools.gnu-tools-for-stm32.7-2018-q2-update.win32_1.0.0.201904181610/tools/bin/../lib/gcc/arm-none-eabi/7.3.1/../../../../arm-none-eabi/lib/thumb/v6-m\libstdc++_nano.a(eh_terminate.o) (abort)
d:/st/stm32cubeide_1.0.2/stm32cubeide/plugins/com.st.stm32cube.ide.mcu.externaltools.gnu-tools-for-stm32.7-2018-q2-update.win32_1.0.0.201904181610/tools/bin/../lib/gcc/arm-none-eabi/7.3.1/../../../../arm-none-eabi/lib/thumb/v6-m\libc_nano.a(lib_a-errno.o)
                              Core/Src/syscalls.o (__errno)
d:/st/stm32cubeide_1.0.2/stm32cubeide/plugins/com.st.stm32cube.ide.mcu.externaltools.gnu-tools-for-stm32.7-2018-q2-update.win32_1.0.0.201904181610/tools/bin/../lib/gcc/arm-none-eabi/7.3.1/../../../../arm-none-eabi/lib/thumb/v6-m\libc_nano.a(lib_a-exit.o)
                              d:/st/stm32cubeide_1.0.2/stm32cubeide/plugins/com.st.stm32cube.ide.mcu.externaltools.gnu-tools-for-stm32.7-2018-q2-update.win32_1.0.0.201904181610/tools/bin/../lib/gcc/arm-none-eabi/7.3.1/../../../../arm-none-eabi/lib/thumb/v6-m/crt0.o (exit)
d:/st/stm32cubeide_1.0.2/stm32cubeide/plugins/com.st.stm32cube.ide.mcu.externaltools.gnu-tools-for-stm32.7-2018-q2-update.win32_1.0.0.201904181610/tools/bin/../lib/gcc/arm-none-eabi/7.3.1/../../../../arm-none-eabi/lib/thumb/v6-m\libc_nano.a(lib_a-impure.o)
                              d:/st/stm32cubeide_1.0.2/stm32cubeide/plugins/com.st.stm32cube.ide.mcu.externaltools.gnu-tools-for-stm32.7-2018-q2-update.win32_1.0.0.201904181610/tools/bin/../lib/gcc/arm-none-eabi/7.3.1/../../../../arm-none-eabi/lib/thumb/v6-m\libc_nano.a(lib_a-exit.o) (_global_impure_ptr)
d:/st/stm32cubeide_1.0.2/stm32cubeide/plugins/com.st.stm32cube.ide.mcu.externaltools.gnu-tools-for-stm32.7-2018-q2-update.win32_1.0.0.201904181610/tools/bin/../lib/gcc/arm-none-eabi/7.3.1/../../../../arm-none-eabi/lib/thumb/v6-m\libc_nano.a(lib_a-init.o)
                              d:/st/stm32cubeide_1.0.2/stm32cubeide/plugins/com.st.stm32cube.ide.mcu.externaltools.gnu-tools-for-stm32.7-2018-q2-update.win32_1.0.0.201904181610/tools/bin/../lib/gcc/arm-none-eabi/7.3.1/../../../../arm-none-eabi/lib/thumb/v6-m/crt0.o (__libc_init_array)
d:/st/stm32cubeide_1.0.2/stm32cubeide/plugins/com.st.stm32cube.ide.mcu.externaltools.gnu-tools-for-stm32.7-2018-q2-update.win32_1.0.0.201904181610/tools/bin/../lib/gcc/arm-none-eabi/7.3.1/../../../../arm-none-eabi/lib/thumb/v6-m\libc_nano.a(lib_a-memcpy-stub.o)
[...]
Memory Configuration

Name             Origin             Length             Attributes
RAM              0x0000000020000000 0x0000000000004000 xrw
FLASH            0x0000000008000000 0x0000000000020000 xr
*default*        0x0000000000000000 0xffffffffffffffff

Linker script and memory map

LOAD d:/st/stm32cubeide_1.0.2/stm32cubeide/plugins/com.st.stm32cube.ide.mcu.externaltools.gnu-tools-for-stm32.7-2018-q2-update.win32_1.0.0.201904181610/tools/bin/../lib/gcc/arm-none-eabi/7.3.1/thumb/v6-m/crti.o
LOAD d:/st/stm32cubeide_1.0.2/stm32cubeide/plugins/com.st.stm32cube.ide.mcu.externaltools.gnu-tools-for-stm32.7-2018-q2-update.win32_1.0.0.201904181610/tools/bin/../lib/gcc/arm-none-eabi/7.3.1/thumb/v6-m/crtbegin.o
LOAD d:/st/stm32cubeide_1.0.2/stm32cubeide/plugins/com.st.stm32cube.ide.mcu.externaltools.gnu-tools-for-stm32.7-2018-q2-update.win32_1.0.0.201904181610/tools/bin/../lib/gcc/arm-none-eabi/7.3.1/../../../../arm-none-eabi/lib/thumb/v6-m/crt0.o
LOAD Core/Src/main.o
LOAD Core/Src/stm32f0xx_hal_msp.o
LOAD Core/Src/stm32f0xx_it.o
LOAD Core/Src/syscalls.o
LOAD Core/Src/sysmem.o
LOAD Core/Src/system_stm32f0xx.o
LOAD Core/Startup/startup_stm32f072rbtx.o
LOAD Core/subsystem-can-driver/LightsBoardReceive.o
LOAD Core/subsystem-can-driver/aux-data-module.o
LOAD Core/subsystem-can-driver/bms-data-module.o
LOAD Core/subsystem-can-driver/mppt-data-module.o
LOAD Core/subsystem-can-driver/subsystem-data-module.o
LOAD Core/subsystem-can-driver/helper-code/rx-module-binary-tree.o
LOAD Drivers/STM32F0xx_HAL_Driver/Src/stm32f0xx_hal.o
LOAD Drivers/STM32F0xx_HAL_Driver/Src/stm32f0xx_hal_can.o
LOAD Drivers/STM32F0xx_HAL_Driver/Src/stm32f0xx_hal_cortex.o
LOAD Drivers/STM32F0xx_HAL_Driver/Src/stm32f0xx_hal_dma.o
LOAD Drivers/STM32F0xx_HAL_Driver/Src/stm32f0xx_hal_exti.o
LOAD Drivers/STM32F0xx_HAL_Driver/Src/stm32f0xx_hal_flash.o
LOAD Drivers/STM32F0xx_HAL_Driver/Src/stm32f0xx_hal_flash_ex.o
LOAD Drivers/STM32F0xx_HAL_Driver/Src/stm32f0xx_hal_gpio.o
LOAD Drivers/STM32F0xx_HAL_Driver/Src/stm32f0xx_hal_i2c.o
LOAD Drivers/STM32F0xx_HAL_Driver/Src/stm32f0xx_hal_i2c_ex.o
LOAD Drivers/STM32F0xx_HAL_Driver/Src/stm32f0xx_hal_pwr.o
LOAD Drivers/STM32F0xx_HAL_Driver/Src/stm32f0xx_hal_pwr_ex.o
LOAD Drivers/STM32F0xx_HAL_Driver/Src/stm32f0xx_hal_rcc.o
LOAD Drivers/STM32F0xx_HAL_Driver/Src/stm32f0xx_hal_rcc_ex.o
LOAD Drivers/STM32F0xx_HAL_Driver/Src/stm32f0xx_hal_tim.o
LOAD Drivers/STM32F0xx_HAL_Driver/Src/stm32f0xx_hal_tim_ex.o
START GROUP
LOAD d:/st/stm32cubeide_1.0.2/stm32cubeide/plugins/com.st.stm32cube.ide.mcu.externaltools.gnu-tools-for-stm32.7-2018-q2-update.win32_1.0.0.201904181610/tools/bin/../lib/gcc/arm-none-eabi/7.3.1/../../../../arm-none-eabi/lib/thumb/v6-m\libstdc++_nano.a
LOAD d:/st/stm32cubeide_1.0.2/stm32cubeide/plugins/com.st.stm32cube.ide.mcu.externaltools.gnu-tools-for-stm32.7-2018-q2-update.win32_1.0.0.201904181610/tools/bin/../lib/gcc/arm-none-eabi/7.3.1/../../../../arm-none-eabi/lib/thumb/v6-m\libsupc++_nano.a
END GROUP
LOAD d:/st/stm32cubeide_1.0.2/stm32cubeide/plugins/com.st.stm32cube.ide.mcu.externaltools.gnu-tools-for-stm32.7-2018-q2-update.win32_1.0.0.201904181610/tools/bin/../lib/gcc/arm-none-eabi/7.3.1/../../../../arm-none-eabi/lib/thumb/v6-m\libstdc++_nano.a
LOAD d:/st/stm32cubeide_1.0.2/stm32cubeide/plugins/com.st.stm32cube.ide.mcu.externaltools.gnu-tools-for-stm32.7-2018-q2-update.win32_1.0.0.201904181610/tools/bin/../lib/gcc/arm-none-eabi/7.3.1/../../../../arm-none-eabi/lib/thumb/v6-m\libm.a
LOAD d:/st/stm32cubeide_1.0.2/stm32cubeide/plugins/com.st.stm32cube.ide.mcu.externaltools.gnu-tools-for-stm32.7-2018-q2-update.win32_1.0.0.201904181610/tools/bin/../lib/gcc/arm-none-eabi/7.3.1/../../../../arm-none-eabi/lib/thumb/v6-m\libc_nano.a
START GROUP
LOAD d:/st/stm32cubeide_1.0.2/stm32cubeide/plugins/com.st.stm32cube.ide.mcu.externaltools.gnu-tools-for-stm32.7-2018-q2-update.win32_1.0.0.201904181610/tools/bin/../lib/gcc/arm-none-eabi/7.3.1/thumb/v6-m\libgcc.a
LOAD d:/st/stm32cubeide_1.0.2/stm32cubeide/plugins/com.st.stm32cube.ide.mcu.externaltools.gnu-tools-for-stm32.7-2018-q2-update.win32_1.0.0.201904181610/tools/bin/../lib/gcc/arm-none-eabi/7.3.1/../../../../arm-none-eabi/lib/thumb/v6-m\libc_nano.a
END GROUP
START GROUP
LOAD d:/st/stm32cubeide_1.0.2/stm32cubeide/plugins/com.st.stm32cube.ide.mcu.externaltools.gnu-tools-for-stm32.7-2018-q2-update.win32_1.0.0.201904181610/tools/bin/../lib/gcc/arm-none-eabi/7.3.1/thumb/v6-m\libgcc.a
LOAD d:/st/stm32cubeide_1.0.2/stm32cubeide/plugins/com.st.stm32cube.ide.mcu.externaltools.gnu-tools-for-stm32.7-2018-q2-update.win32_1.0.0.201904181610/tools/bin/../lib/gcc/arm-none-eabi/7.3.1/../../../../arm-none-eabi/lib/thumb/v6-m\libc_nano.a
LOAD d:/st/stm32cubeide_1.0.2/stm32cubeide/plugins/com.st.stm32cube.ide.mcu.externaltools.gnu-tools-for-stm32.7-2018-q2-update.win32_1.0.0.201904181610/tools/bin/../lib/gcc/arm-none-eabi/7.3.1/../../../../arm-none-eabi/lib/thumb/v6-m\libnosys.a
END GROUP
START GROUP
LOAD d:/st/stm32cubeide_1.0.2/stm32cubeide/plugins/com.st.stm32cube.ide.mcu.externaltools.gnu-tools-for-stm32.7-2018-q2-update.win32_1.0.0.201904181610/tools/bin/../lib/gcc/arm-none-eabi/7.3.1/thumb/v6-m\libgcc.a
LOAD d:/st/stm32cubeide_1.0.2/stm32cubeide/plugins/com.st.stm32cube.ide.mcu.externaltools.gnu-tools-for-stm32.7-2018-q2-update.win32_1.0.0.201904181610/tools/bin/../lib/gcc/arm-none-eabi/7.3.1/../../../../arm-none-eabi/lib/thumb/v6-m\libc_nano.a
LOAD d:/st/stm32cubeide_1.0.2/stm32cubeide/plugins/com.st.stm32cube.ide.mcu.externaltools.gnu-tools-for-stm32.7-2018-q2-update.win32_1.0.0.201904181610/tools/bin/../lib/gcc/arm-none-eabi/7.3.1/../../../../arm-none-eabi/lib/thumb/v6-m\libnosys.a
END GROUP
LOAD d:/st/stm32cubeide_1.0.2/stm32cubeide/plugins/com.st.stm32cube.ide.mcu.externaltools.gnu-tools-for-stm32.7-2018-q2-update.win32_1.0.0.201904181610/tools/bin/../lib/gcc/arm-none-eabi/7.3.1/thumb/v6-m/crtend.o
LOAD d:/st/stm32cubeide_1.0.2/stm32cubeide/plugins/com.st.stm32cube.ide.mcu.externaltools.gnu-tools-for-stm32.7-2018-q2-update.win32_1.0.0.201904181610/tools/bin/../lib/gcc/arm-none-eabi/7.3.1/thumb/v6-m/crtn.o
                0x0000000020004000                _estack = (ORIGIN (RAM) + LENGTH (RAM))
                0x0000000000000200                _Min_Heap_Size = 0x200
                0x0000000000000400                _Min_Stack_Size = 0x400

.isr_vector     0x0000000008000000       0xc0
                0x0000000008000000                . = ALIGN (0x4)
 *(.isr_vector)
 .isr_vector    0x0000000008000000       0xc0 Core/Startup/startup_stm32f072rbtx.o
                0x0000000008000000                g_pfnVectors
                0x00000000080000c0                . = ALIGN (0x4)

.text           0x00000000080000c0     0x2c14
                0x00000000080000c0                . = ALIGN (0x4)
 *(.text)
 .text          0x00000000080000c0       0x48 d:/st/stm32cubeide_1.0.2/stm32cubeide/plugins/com.st.stm32cube.ide.mcu.externaltools.gnu-tools-for-stm32.7-2018-q2-update.win32_1.0.0.201904181610/tools/bin/../lib/gcc/arm-none-eabi/7.3.1/thumb/v6-m/crtbegin.o
 .text          0x0000000008000108      0x114 d:/st/stm32cubeide_1.0.2/stm32cubeide/plugins/com.st.stm32cube.ide.mcu.externaltools.gnu-tools-for-stm32.7-2018-q2-update.win32_1.0.0.201904181610/tools/bin/../lib/gcc/arm-none-eabi/7.3.1/thumb/v6-m\libgcc.a(_udivsi3.o)
                0x0000000008000108                __aeabi_uidiv
                0x0000000008000108                __udivsi3
                0x0000000008000214                __aeabi_uidivmod
 .text          0x000000000800021c      0x1d4 d:/st/stm32cubeide_1.0.2/stm32cubeide/plugins/com.st.stm32cube.ide.mcu.externaltools.gnu-tools-for-stm32.7-2018-q2-update.win32_1.0.0.201904181610/tools/bin/../lib/gcc/arm-none-eabi/7.3.1/thumb/v6-m\libgcc.a(_divsi3.o)
                0x000000000800021c                __divsi3
                0x000000000800021c                __aeabi_idiv
                0x00000000080003e8                __aeabi_idivmod
 .text          0x00000000080003f0        0x4 d:/st/stm32cubeide_1.0.2/stm32cubeide/plugins/com.st.stm32cube.ide.mcu.externaltools.gnu-tools-for-stm32.7-2018-q2-update.win32_1.0.0.201904181610/tools/bin/../lib/gcc/arm-none-eabi/7.3.1/thumb/v6-m\libgcc.a(_dvmd_tls.o)
                0x00000000080003f0                __aeabi_idiv0
                0x00000000080003f0                __aeabi_ldiv0
 *(.text*)
 .text.main     0x00000000080003f4      0x128 Core/Src/main.o
                0x00000000080003f4                main
 .text._Z18SystemClock_Configv
                0x000000000800051c       0x88 Core/Src/main.o
                0x000000000800051c                SystemClock_Config()
 .text._ZL12MX_TIM6_Initv
                0x00000000080005a4       0x88 Core/Src/main.o
 .text._ZL12MX_GPIO_Initv
                0x000000000800062c      0x198 Core/Src/main.o
 .text._Z14ReceiveAndSendP21SUBSYSTEM_DATA_MODULE
                0x00000000080007c4      0x108 Core/Src/main.o
                0x00000000080007c4                ReceiveAndSend(SUBSYSTEM_DATA_MODULE*)
 .text.Error_Handler
                0x00000000080008cc        0xa Core/Src/main.o
                0x00000000080008cc                Error_Handler
 *fill*         0x00000000080008d6        0x2 
 .text._ZN40SUBSYSTEM_DATA_MODULE_TEMPLATE_INTERFACEI13AUX_MESSAGE_025AUX_MESSAGE_0_DATA_PACKETE19GetOldestDataPacketEPb
                0x00000000080008d8       0x90 Core/Src/main.o
                0x00000000080008d8                SUBSYSTEM_DATA_MODULE_TEMPLATE_INTERFACE<AUX_MESSAGE_0, AUX_MESSAGE_0_DATA_PACKET>::GetOldestDataPacket(bool*)
 .text._ZN11HELPER_FIFOIhLt3ELt8EE8PopFrontEPb
                0x0000000008000968       0x86 Core/Src/main.o
                0x0000000008000968                HELPER_FIFO<unsigned char, (unsigned short)3, (unsigned short)8>::PopFront(bool*)
 *fill*         0x00000000080009ee        0x2 
 .text._Z41__static_initialization_and_destruction_0ii
                0x00000000080009f0       0x30 Core/Src/main.o
 .text._GLOBAL__sub_I_auxPacket
                0x0000000008000a20       0x18 Core/Src/main.o
 .text.HAL_MspInit
                0x0000000008000a38       0x48 Core/Src/stm32f0xx_hal_msp.o
                0x0000000008000a38                HAL_MspInit
 .text.HAL_TIM_Base_MspInit
                0x0000000008000a80       0x3c Core/Src/stm32f0xx_hal_msp.o
                0x0000000008000a80                HAL_TIM_Base_MspInit
 .text.NMI_Handler
                0x0000000008000abc        0xa Core/Src/stm32f0xx_it.o
                0x0000000008000abc                NMI_Handler
 .text.HardFault_Handler
                0x0000000008000ac6        0x6 Core/Src/stm32f0xx_it.o
                0x0000000008000ac6                HardFault_Handler
 .text.SVC_Handler
                0x0000000008000acc        0xa Core/Src/stm32f0xx_it.o
                0x0000000008000acc                SVC_Handler
 .text.PendSV_Handler
                0x0000000008000ad6        0xa Core/Src/stm32f0xx_it.o
                0x0000000008000ad6                PendSV_Handler
 .text.SysTick_Handler
                0x0000000008000ae0        0xe Core/Src/stm32f0xx_it.o
                0x0000000008000ae0                SysTick_Handler
 .text.EXTI4_15_IRQHandler
                0x0000000008000aee       0x2c Core/Src/stm32f0xx_it.o
                0x0000000008000aee                EXTI4_15_IRQHandler
 .text._getpid  0x0000000008000b1a        0xc Core/Src/syscalls.o
                0x0000000008000b1a                _getpid
 .text._kill    0x0000000008000b26       0x20 Core/Src/syscalls.o
                0x0000000008000b26                _kill
 .text._exit    0x0000000008000b46       0x18 Core/Src/syscalls.o
                0x0000000008000b46                _exit
 .text.SystemInit
                0x0000000008000b5e        0xa Core/Src/system_stm32f0xx.o
                0x0000000008000b5e                SystemInit
 .text.Reset_Handler
                0x0000000008000b68       0x50 Core/Startup/startup_stm32f072rbtx.o
                0x0000000008000b68                Reset_Handler
 .text.Default_Handler
                0x0000000008000bb8        0x2 Core/Startup/startup_stm32f072rbtx.o
                0x0000000008000bb8                TIM1_CC_IRQHandler
                0x0000000008000bb8                TSC_IRQHandler
                0x0000000008000bb8                ADC1_COMP_IRQHandler
                0x0000000008000bb8                I2C1_IRQHandler
                0x0000000008000bb8                RCC_CRS_IRQHandler
                0x0000000008000bb8                SPI1_IRQHandler
                0x0000000008000bb8                TIM6_DAC_IRQHandler
                0x0000000008000bb8                USART3_4_IRQHandler
                0x0000000008000bb8                EXTI2_3_IRQHandler
                0x0000000008000bb8                I2C2_IRQHandler
                0x0000000008000bb8                TIM17_IRQHandler
                0x0000000008000bb8                CEC_CAN_IRQHandler
                0x0000000008000bb8                RTC_IRQHandler
                0x0000000008000bb8                PVD_VDDIO2_IRQHandler
                0x0000000008000bb8                DMA1_Channel4_5_6_7_IRQHandler
                0x0000000008000bb8                TIM16_IRQHandler
                0x0000000008000bb8                TIM3_IRQHandler
                0x0000000008000bb8                DMA1_Channel1_IRQHandler
                0x0000000008000bb8                Default_Handler
                0x0000000008000bb8                TIM14_IRQHandler
                0x0000000008000bb8                TIM7_IRQHandler
                0x0000000008000bb8                TIM15_IRQHandler
                0x0000000008000bb8                EXTI0_1_IRQHandler
                0x0000000008000bb8                USB_IRQHandler
                0x0000000008000bb8                SPI2_IRQHandler
                0x0000000008000bb8                WWDG_IRQHandler
                0x0000000008000bb8                TIM2_IRQHandler
                0x0000000008000bb8                DMA1_Channel2_3_IRQHandler
                0x0000000008000bb8                USART2_IRQHandler
                0x0000000008000bb8                FLASH_IRQHandler
                0x0000000008000bb8                USART1_IRQHandler
                0x0000000008000bb8                TIM1_BRK_UP_TRG_COM_IRQHandler
 .text._ZN13AUX_MESSAGE_017dataPacketToArrayE25AUX_MESSAGE_0_DATA_PACKETPh
                0x0000000008000bba       0x66 Core/subsystem-can-driver/aux-data-module.o
                0x0000000008000bba                AUX_MESSAGE_0::dataPacketToArray(AUX_MESSAGE_0_DATA_PACKET, unsigned char*)
 .text._ZN13AUX_MESSAGE_017arrayToDataPacketEPh
                0x0000000008000c20       0xac Core/subsystem-can-driver/aux-data-module.o
                0x0000000008000c20                AUX_MESSAGE_0::arrayToDataPacket(unsigned char*)
 .text._ZN13AUX_MESSAGE_0C2Ev
                0x0000000008000ccc       0x2c Core/subsystem-can-driver/aux-data-module.o
                0x0000000008000ccc                AUX_MESSAGE_0::AUX_MESSAGE_0()
                0x0000000008000ccc                AUX_MESSAGE_0::AUX_MESSAGE_0()
 .text._ZN40SUBSYSTEM_DATA_MODULE_TEMPLATE_INTERFACEI13AUX_MESSAGE_025AUX_MESSAGE_0_DATA_PACKETEC2Emhb
                0x0000000008000cf8       0x3c Core/subsystem-can-driver/aux-data-module.o
                0x0000000008000cf8                SUBSYSTEM_DATA_MODULE_TEMPLATE_INTERFACE<AUX_MESSAGE_0, AUX_MESSAGE_0_DATA_PACKET>::SUBSYSTEM_DATA_MODULE_TEMPLATE_INTERFACE(unsigned long, unsigned char, bool)
                0x0000000008000cf8                SUBSYSTEM_DATA_MODULE_TEMPLATE_INTERFACE<AUX_MESSAGE_0, AUX_MESSAGE_0_DATA_PACKET>::SUBSYSTEM_DATA_MODULE_TEMPLATE_INTERFACE(unsigned long, unsigned char, bool)
 .text._ZN40SUBSYSTEM_DATA_MODULE_TEMPLATE_INTERFACEI13AUX_MESSAGE_025AUX_MESSAGE_0_DATA_PACKETE18fillTransmitBufferEv
                0x0000000008000d34       0x40 Core/subsystem-can-driver/aux-data-module.o
                0x0000000008000d34                SUBSYSTEM_DATA_MODULE_TEMPLATE_INTERFACE<AUX_MESSAGE_0, AUX_MESSAGE_0_DATA_PACKET>::fillTransmitBuffer()
 .text._ZN21SUBSYSTEM_DATA_MODULEC2Emhb
                0x0000000008000d74       0x58 Core/subsystem-can-driver/subsystem-data-module.o
                0x0000000008000d74                SUBSYSTEM_DATA_MODULE::SUBSYSTEM_DATA_MODULE(unsigned long, unsigned char, bool)
                0x0000000008000d74                SUBSYSTEM_DATA_MODULE::SUBSYSTEM_DATA_MODULE(unsigned long, unsigned char, bool)
 .text._ZN21SUBSYSTEM_DATA_MODULE12SetupReceiveEPFvPS_E
                0x0000000008000dcc       0x40 Core/subsystem-can-driver/subsystem-data-module.o
                0x0000000008000dcc                SUBSYSTEM_DATA_MODULE::SetupReceive(void (*)(SUBSYSTEM_DATA_MODULE*))
 .text._ZN21SUBSYSTEM_DATA_MODULE8StartCANEP19__CAN_HandleTypeDef
                0x0000000008000e0c       0xf0 Core/subsystem-can-driver/subsystem-data-module.o
                0x0000000008000e0c                SUBSYSTEM_DATA_MODULE::StartCAN(__CAN_HandleTypeDef*)
 .text._ZN11HELPER_FIFOIhLt3ELt8EEC2Ev
                0x0000000008000efc       0x24 Core/subsystem-can-driver/subsystem-data-module.o
                0x0000000008000efc                HELPER_FIFO<unsigned char, (unsigned short)3, (unsigned short)8>::HELPER_FIFO()
                0x0000000008000efc                HELPER_FIFO<unsigned char, (unsigned short)3, (unsigned short)8>::HELPER_FIFO()
 .text._Z41__static_initialization_and_destruction_0ii
                0x0000000008000f20       0x30 Core/subsystem-can-driver/subsystem-data-module.o
 .text._GLOBAL__sub_I__ZN21SUBSYSTEM_DATA_MODULE13rxModulesTreeE
                0x0000000008000f50       0x18 Core/subsystem-can-driver/subsystem-data-module.o
 .text._ZN14RX_BINARY_TREEC2Ev
                0x0000000008000f68       0x1e Core/subsystem-can-driver/helper-code/rx-module-binary-tree.o
                0x0000000008000f68                RX_BINARY_TREE::RX_BINARY_TREE()
                0x0000000008000f68                RX_BINARY_TREE::RX_BINARY_TREE()
 .text._ZN14RX_BINARY_TREE7AddNodeEP21SUBSYSTEM_DATA_MODULE
                0x0000000008000f86       0x34 Core/subsystem-can-driver/helper-code/rx-module-binary-tree.o
                0x0000000008000f86                RX_BINARY_TREE::AddNode(SUBSYSTEM_DATA_MODULE*)
 .text._ZN14RX_BINARY_TREE7newNodeEP21SUBSYSTEM_DATA_MODULE
                0x0000000008000fba       0x62 Core/subsystem-can-driver/helper-code/rx-module-binary-tree.o
                0x0000000008000fba                RX_BINARY_TREE::newNode(SUBSYSTEM_DATA_MODULE*)
 .text._ZN14RX_BINARY_TREE3maxEmm
                0x000000000800101c       0x22 Core/subsystem-can-driver/helper-code/rx-module-binary-tree.o
                0x000000000800101c                RX_BINARY_TREE::max(unsigned long, unsigned long)
 .text._ZN14RX_BINARY_TREE6heightEP4Node
                0x000000000800103e       0x20 Core/subsystem-can-driver/helper-code/rx-module-binary-tree.o
                0x000000000800103e                RX_BINARY_TREE::height(Node*)
 .text._ZN14RX_BINARY_TREE8node_keyEP4Node
                0x000000000800105e       0x32 Core/subsystem-can-driver/helper-code/rx-module-binary-tree.o
                0x000000000800105e                RX_BINARY_TREE::node_key(Node*)
 .text._ZN14RX_BINARY_TREE11element_keyEP21SUBSYSTEM_DATA_MODULE
                0x0000000008001090       0x22 Core/subsystem-can-driver/helper-code/rx-module-binary-tree.o
                0x0000000008001090                RX_BINARY_TREE::element_key(SUBSYSTEM_DATA_MODULE*)
 .text._ZN14RX_BINARY_TREE11rightRotateEP4Node
                0x00000000080010b2       0xa0 Core/subsystem-can-driver/helper-code/rx-module-binary-tree.o
                0x00000000080010b2                RX_BINARY_TREE::rightRotate(Node*)
 .text._ZN14RX_BINARY_TREE10leftRotateEP4Node
                0x0000000008001152       0xa0 Core/subsystem-can-driver/helper-code/rx-module-binary-tree.o
                0x0000000008001152                RX_BINARY_TREE::leftRotate(Node*)
 .text._ZN14RX_BINARY_TREE10getBalanceEP4Node
                0x00000000080011f2       0x40 Core/subsystem-can-driver/helper-code/rx-module-binary-tree.o
                0x00000000080011f2                RX_BINARY_TREE::getBalance(Node*)
 .text._ZN14RX_BINARY_TREE6insertEP4NodeP21SUBSYSTEM_DATA_MODULE
                0x0000000008001232      0x22e Core/subsystem-can-driver/helper-code/rx-module-binary-tree.o
                0x0000000008001232                RX_BINARY_TREE::insert(Node*, SUBSYSTEM_DATA_MODULE*)
 .text.HAL_Init
                0x0000000008001460       0x28 Drivers/STM32F0xx_HAL_Driver/Src/stm32f0xx_hal.o
                0x0000000008001460                HAL_Init
 .text.HAL_InitTick
                0x0000000008001488       0x68 Drivers/STM32F0xx_HAL_Driver/Src/stm32f0xx_hal.o
                0x0000000008001488                HAL_InitTick
 .text.HAL_IncTick
                0x00000000080014f0       0x24 Drivers/STM32F0xx_HAL_Driver/Src/stm32f0xx_hal.o
                0x00000000080014f0                HAL_IncTick
 .text.HAL_GetTick
                0x0000000008001514       0x14 Drivers/STM32F0xx_HAL_Driver/Src/stm32f0xx_hal.o
                0x0000000008001514                HAL_GetTick
 .text.HAL_CAN_Init
                0x0000000008001528      0x1fc Drivers/STM32F0xx_HAL_Driver/Src/stm32f0xx_hal_can.o
                0x0000000008001528                HAL_CAN_Init
 .text.HAL_CAN_MspInit
                0x0000000008001724       0x10 Drivers/STM32F0xx_HAL_Driver/Src/stm32f0xx_hal_can.o
                0x0000000008001724                HAL_CAN_MspInit
 .text.HAL_CAN_ConfigFilter
                0x0000000008001734      0x1e4 Drivers/STM32F0xx_HAL_Driver/Src/stm32f0xx_hal_can.o
                0x0000000008001734                HAL_CAN_ConfigFilter
 .text.HAL_CAN_Start
                0x0000000008001918       0x8c Drivers/STM32F0xx_HAL_Driver/Src/stm32f0xx_hal_can.o
                0x0000000008001918                HAL_CAN_Start
 .text.HAL_CAN_ActivateNotification
                0x00000000080019a4       0x54 Drivers/STM32F0xx_HAL_Driver/Src/stm32f0xx_hal_can.o
                0x00000000080019a4                HAL_CAN_ActivateNotification
 .text.__NVIC_EnableIRQ
                0x00000000080019f8       0x34 Drivers/STM32F0xx_HAL_Driver/Src/stm32f0xx_hal_cortex.o
 .text.__NVIC_SetPriority
                0x0000000008001a2c       0xdc Drivers/STM32F0xx_HAL_Driver/Src/stm32f0xx_hal_cortex.o
 .text.SysTick_Config
                0x0000000008001b08       0x48 Drivers/STM32F0xx_HAL_Driver/Src/stm32f0xx_hal_cortex.o
 .text.HAL_NVIC_SetPriority
                0x0000000008001b50       0x2a Drivers/STM32F0xx_HAL_Driver/Src/stm32f0xx_hal_cortex.o
                0x0000000008001b50                HAL_NVIC_SetPriority
 .text.HAL_NVIC_EnableIRQ
                0x0000000008001b7a       0x20 Drivers/STM32F0xx_HAL_Driver/Src/stm32f0xx_hal_cortex.o
                0x0000000008001b7a                HAL_NVIC_EnableIRQ
 .text.HAL_SYSTICK_Config
                0x0000000008001b9a       0x1a Drivers/STM32F0xx_HAL_Driver/Src/stm32f0xx_hal_cortex.o
                0x0000000008001b9a                HAL_SYSTICK_Config
 .text.HAL_GPIO_Init
                0x0000000008001bb4      0x2f0 Drivers/STM32F0xx_HAL_Driver/Src/stm32f0xx_hal_gpio.o
                0x0000000008001bb4                HAL_GPIO_Init
 .text.HAL_GPIO_WritePin
                0x0000000008001ea4       0x3a Drivers/STM32F0xx_HAL_Driver/Src/stm32f0xx_hal_gpio.o
                0x0000000008001ea4                HAL_GPIO_WritePin
 *fill*         0x0000000008001ede        0x2 
 .text.HAL_GPIO_EXTI_IRQHandler
                0x0000000008001ee0       0x38 Drivers/STM32F0xx_HAL_Driver/Src/stm32f0xx_hal_gpio.o
                0x0000000008001ee0                HAL_GPIO_EXTI_IRQHandler
 .text.HAL_GPIO_EXTI_Callback
                0x0000000008001f18       0x14 Drivers/STM32F0xx_HAL_Driver/Src/stm32f0xx_hal_gpio.o
                0x0000000008001f18                HAL_GPIO_EXTI_Callback
 .text.HAL_RCC_OscConfig
                0x0000000008001f2c      0x70c Drivers/STM32F0xx_HAL_Driver/Src/stm32f0xx_hal_rcc.o
                0x0000000008001f2c                HAL_RCC_OscConfig
 .text.HAL_RCC_ClockConfig
                0x0000000008002638      0x1b4 Drivers/STM32F0xx_HAL_Driver/Src/stm32f0xx_hal_rcc.o
                0x0000000008002638                HAL_RCC_ClockConfig
 .text.HAL_RCC_GetSysClockFreq
                0x00000000080027ec       0xfc Drivers/STM32F0xx_HAL_Driver/Src/stm32f0xx_hal_rcc.o
                0x00000000080027ec                HAL_RCC_GetSysClockFreq
 .text.HAL_TIM_Base_Init
                0x00000000080028e8       0x58 Drivers/STM32F0xx_HAL_Driver/Src/stm32f0xx_hal_tim.o
                0x00000000080028e8                HAL_TIM_Base_Init
 .text.HAL_TIM_Base_Start_IT
                0x0000000008002940       0x44 Drivers/STM32F0xx_HAL_Driver/Src/stm32f0xx_hal_tim.o
                0x0000000008002940                HAL_TIM_Base_Start_IT
 .text.HAL_TIM_Base_Stop_IT
                0x0000000008002984       0x54 Drivers/STM32F0xx_HAL_Driver/Src/stm32f0xx_hal_tim.o
                0x0000000008002984                HAL_TIM_Base_Stop_IT
 .text.TIM_Base_SetConfig
                0x00000000080029d8      0x100 Drivers/STM32F0xx_HAL_Driver/Src/stm32f0xx_hal_tim.o
                0x00000000080029d8                TIM_Base_SetConfig
 .text.HAL_TIMEx_MasterConfigSynchronization
                0x0000000008002ad8       0xbc Drivers/STM32F0xx_HAL_Driver/Src/stm32f0xx_hal_tim_ex.o
                0x0000000008002ad8                HAL_TIMEx_MasterConfigSynchronization
 .text.__cxa_pure_virtual
                0x0000000008002b94        0x6 d:/st/stm32cubeide_1.0.2/stm32cubeide/plugins/com.st.stm32cube.ide.mcu.externaltools.gnu-tools-for-stm32.7-2018-q2-update.win32_1.0.0.201904181610/tools/bin/../lib/gcc/arm-none-eabi/7.3.1/../../../../arm-none-eabi/lib/thumb/v6-m\libstdc++_nano.a(pure.o)
                0x0000000008002b94                __cxa_pure_virtual
 .text._ZN10__cxxabiv111__terminateEPFvvE
                0x0000000008002b9a        0x8 d:/st/stm32cubeide_1.0.2/stm32cubeide/plugins/com.st.stm32cube.ide.mcu.externaltools.gnu-tools-for-stm32.7-2018-q2-update.win32_1.0.0.201904181610/tools/bin/../lib/gcc/arm-none-eabi/7.3.1/../../../../arm-none-eabi/lib/thumb/v6-m\libstdc++_nano.a(eh_terminate.o)
                0x0000000008002b9a                __cxxabiv1::__terminate(void (*)())
 *fill*         0x0000000008002ba2        0x2 
 .text._ZSt9terminatev
                0x0000000008002ba4       0x10 d:/st/stm32cubeide_1.0.2/stm32cubeide/plugins/com.st.stm32cube.ide.mcu.externaltools.gnu-tools-for-stm32.7-2018-q2-update.win32_1.0.0.201904181610/tools/bin/../lib/gcc/arm-none-eabi/7.3.1/../../../../arm-none-eabi/lib/thumb/v6-m\libstdc++_nano.a(eh_terminate.o)
                0x0000000008002ba4                std::terminate()
 .text.abort    0x0000000008002bb4        0xe d:/st/stm32cubeide_1.0.2/stm32cubeide/plugins/com.st.stm32cube.ide.mcu.externaltools.gnu-tools-for-stm32.7-2018-q2-update.win32_1.0.0.201904181610/tools/bin/../lib/gcc/arm-none-eabi/7.3.1/../../../../arm-none-eabi/lib/thumb/v6-m\libc_nano.a(lib_a-abort.o)
                0x0000000008002bb4                abort
 *fill*         0x0000000008002bc2        0x2 
 .text.__errno  0x0000000008002bc4        0xc d:/st/stm32cubeide_1.0.2/stm32cubeide/plugins/com.st.stm32cube.ide.mcu.externaltools.gnu-tools-for-stm32.7-2018-q2-update.win32_1.0.0.201904181610/tools/bin/../lib/gcc/arm-none-eabi/7.3.1/../../../../arm-none-eabi/lib/thumb/v6-m\libc_nano.a(lib_a-errno.o)
                0x0000000008002bc4                __errno
 .text.__libc_init_array
                0x0000000008002bd0       0x48 d:/st/stm32cubeide_1.0.2/stm32cubeide/plugins/com.st.stm32cube.ide.mcu.externaltools.gnu-tools-for-stm32.7-2018-q2-update.win32_1.0.0.201904181610/tools/bin/../lib/gcc/arm-none-eabi/7.3.1/../../../../arm-none-eabi/lib/thumb/v6-m\libc_nano.a(lib_a-init.o)
                0x0000000008002bd0                __libc_init_array
 .text.memset   0x0000000008002c18       0x10 d:/st/stm32cubeide_1.0.2/stm32cubeide/plugins/com.st.stm32cube.ide.mcu.externaltools.gnu-tools-for-stm32.7-2018-q2-update.win32_1.0.0.201904181610/tools/bin/../lib/gcc/arm-none-eabi/7.3.1/../../../../arm-none-eabi/lib/thumb/v6-m\libc_nano.a(lib_a-memset.o)
                0x0000000008002c18                memset
 .text._raise_r
                0x0000000008002c28       0x54 d:/st/stm32cubeide_1.0.2/stm32cubeide/plugins/com.st.stm32cube.ide.mcu.externaltools.gnu-tools-for-stm32.7-2018-q2-update.win32_1.0.0.201904181610/tools/bin/../lib/gcc/arm-none-eabi/7.3.1/../../../../arm-none-eabi/lib/thumb/v6-m\libc_nano.a(lib_a-signal.o)
                0x0000000008002c28                _raise_r
 .text.raise    0x0000000008002c7c       0x14 d:/st/stm32cubeide_1.0.2/stm32cubeide/plugins/com.st.stm32cube.ide.mcu.externaltools.gnu-tools-for-stm32.7-2018-q2-update.win32_1.0.0.201904181610/tools/bin/../lib/gcc/arm-none-eabi/7.3.1/../../../../arm-none-eabi/lib/thumb/v6-m\libc_nano.a(lib_a-signal.o)
                0x0000000008002c7c                raise
 .text._kill_r  0x0000000008002c90       0x24 d:/st/stm32cubeide_1.0.2/stm32cubeide/plugins/com.st.stm32cube.ide.mcu.externaltools.gnu-tools-for-stm32.7-2018-q2-update.win32_1.0.0.201904181610/tools/bin/../lib/gcc/arm-none-eabi/7.3.1/../../../../arm-none-eabi/lib/thumb/v6-m\libc_nano.a(lib_a-signalr.o)
                0x0000000008002c90                _kill_r
 .text._getpid_r
                0x0000000008002cb4        0x8 d:/st/stm32cubeide_1.0.2/stm32cubeide/plugins/com.st.stm32cube.ide.mcu.externaltools.gnu-tools-for-stm32.7-2018-q2-update.win32_1.0.0.201904181610/tools/bin/../lib/gcc/arm-none-eabi/7.3.1/../../../../arm-none-eabi/lib/thumb/v6-m\libc_nano.a(lib_a-signalr.o)
                0x0000000008002cb4                _getpid_r
 *(.glue_7)
 .glue_7        0x0000000008002cbc        0x0 linker stubs
 *(.glue_7t)
 .glue_7t       0x0000000008002cbc        0x0 linker stubs
 *(.eh_frame)
 .eh_frame      0x0000000008002cbc        0x0 d:/st/stm32cubeide_1.0.2/stm32cubeide/plugins/com.st.stm32cube.ide.mcu.externaltools.gnu-tools-for-stm32.7-2018-q2-update.win32_1.0.0.201904181610/tools/bin/../lib/gcc/arm-none-eabi/7.3.1/thumb/v6-m/crtbegin.o
 *(.init)
 .init          0x0000000008002cbc        0x4 d:/st/stm32cubeide_1.0.2/stm32cubeide/plugins/com.st.stm32cube.ide.mcu.externaltools.gnu-tools-for-stm32.7-2018-q2-update.win32_1.0.0.201904181610/tools/bin/../lib/gcc/arm-none-eabi/7.3.1/thumb/v6-m/crti.o
                0x0000000008002cbc                _init
 .init          0x0000000008002cc0        0x8 d:/st/stm32cubeide_1.0.2/stm32cubeide/plugins/com.st.stm32cube.ide.mcu.externaltools.gnu-tools-for-stm32.7-2018-q2-update.win32_1.0.0.201904181610/tools/bin/../lib/gcc/arm-none-eabi/7.3.1/thumb/v6-m/crtn.o
 *(.fini)
 .fini          0x0000000008002cc8        0x4 d:/st/stm32cubeide_1.0.2/stm32cubeide/plugins/com.st.stm32cube.ide.mcu.externaltools.gnu-tools-for-stm32.7-2018-q2-update.win32_1.0.0.201904181610/tools/bin/../lib/gcc/arm-none-eabi/7.3.1/thumb/v6-m/crti.o
                0x0000000008002cc8                _fini
 .fini          0x0000000008002ccc        0x8 d:/st/stm32cubeide_1.0.2/stm32cubeide/plugins/com.st.stm32cube.ide.mcu.externaltools.gnu-tools-for-stm32.7-2018-q2-update.win32_1.0.0.201904181610/tools/bin/../lib/gcc/arm-none-eabi/7.3.1/thumb/v6-m/crtn.o
                0x0000000008002cd4                . = ALIGN (0x4)
                0x0000000008002cd4                _etext = .

.vfp11_veneer   0x0000000008002cd4        0x0
 .vfp11_veneer  0x0000000008002cd4        0x0 linker stubs

.v4_bx          0x0000000008002cd4        0x0
 .v4_bx         0x0000000008002cd4        0x0 linker stubs

.iplt           0x0000000008002cd4        0x0
 .iplt          0x0000000008002cd4        0x0 d:/st/stm32cubeide_1.0.2/stm32cubeide/plugins/com.st.stm32cube.ide.mcu.externaltools.gnu-tools-for-stm32.7-2018-q2-update.win32_1.0.0.201904181610/tools/bin/../lib/gcc/arm-none-eabi/7.3.1/thumb/v6-m/crtbegin.o

.rodata         0x0000000008002cd4       0x54
                0x0000000008002cd4                . = ALIGN (0x4)
 *(.rodata)
 .rodata        0x0000000008002cd4       0x20 Drivers/STM32F0xx_HAL_Driver/Src/stm32f0xx_hal_rcc.o
 *(.rodata*)
 .rodata.AHBPrescTable
                0x0000000008002cf4       0x10 Core/Src/system_stm32f0xx.o
                0x0000000008002cf4                AHBPrescTable
 .rodata._ZTV13AUX_MESSAGE_0
                0x0000000008002d04        0xc Core/subsystem-can-driver/aux-data-module.o
                0x0000000008002d04                vtable for AUX_MESSAGE_0
 .rodata._ZTV40SUBSYSTEM_DATA_MODULE_TEMPLATE_INTERFACEI13AUX_MESSAGE_025AUX_MESSAGE_0_DATA_PACKETE
                0x0000000008002d10        0xc Core/subsystem-can-driver/aux-data-module.o
                0x0000000008002d10                vtable for SUBSYSTEM_DATA_MODULE_TEMPLATE_INTERFACE<AUX_MESSAGE_0, AUX_MESSAGE_0_DATA_PACKET>
 .rodata._ZTV21SUBSYSTEM_DATA_MODULE
                0x0000000008002d1c        0xc Core/subsystem-can-driver/subsystem-data-module.o
                0x0000000008002d1c                vtable for SUBSYSTEM_DATA_MODULE
                0x0000000008002d28                . = ALIGN (0x4)

.rel.dyn        0x0000000008002d28        0x0
 .rel.iplt      0x0000000008002d28        0x0 d:/st/stm32cubeide_1.0.2/stm32cubeide/plugins/com.st.stm32cube.ide.mcu.externaltools.gnu-tools-for-stm32.7-2018-q2-update.win32_1.0.0.201904181610/tools/bin/../lib/gcc/arm-none-eabi/7.3.1/thumb/v6-m/crtbegin.o

.ARM.extab      0x0000000008002d28        0x0
                0x0000000008002d28                . = ALIGN (0x4)
 *(.ARM.extab* .gnu.linkonce.armextab.*)
                0x0000000008002d28                . = ALIGN (0x4)

.ARM            0x0000000008002d28        0x0
                0x0000000008002d28                . = ALIGN (0x4)
                0x0000000008002d28                __exidx_start = .
 *(.ARM.exidx*)
                0x0000000008002d28                __exidx_end = .
                0x0000000008002d28                . = ALIGN (0x4)

.preinit_array  0x0000000008002d28        0x0
                0x0000000008002d28                . = ALIGN (0x4)
                0x0000000008002d28                PROVIDE (__preinit_array_start = .)
 *(.preinit_array*)
                0x0000000008002d28                PROVIDE (__preinit_array_end = .)
                0x0000000008002d28                . = ALIGN (0x4)

.init_array     0x0000000008002d28        0xc
                0x0000000008002d28                . = ALIGN (0x4)
                0x0000000008002d28                PROVIDE (__init_array_start = .)
 *(SORT_BY_NAME(.init_array.*))
 *(.init_array*)
 .init_array    0x0000000008002d28        0x4 d:/st/stm32cubeide_1.0.2/stm32cubeide/plugins/com.st.stm32cube.ide.mcu.externaltools.gnu-tools-for-stm32.7-2018-q2-update.win32_1.0.0.201904181610/tools/bin/../lib/gcc/arm-none-eabi/7.3.1/thumb/v6-m/crtbegin.o
 .init_array    0x0000000008002d2c        0x4 Core/Src/main.o
 .init_array    0x0000000008002d30        0x4 Core/subsystem-can-driver/subsystem-data-module.o
                0x0000000008002d34                PROVIDE (__init_array_end = .)
                0x0000000008002d34                . = ALIGN (0x4)

.fini_array     0x0000000008002d34        0x4
                0x0000000008002d34                . = ALIGN (0x4)
                [!provide]                        PROVIDE (__fini_array_start = .)
 *(SORT_BY_NAME(.fini_array.*))
 *(.fini_array*)
 .fini_array    0x0000000008002d34        0x4 d:/st/stm32cubeide_1.0.2/stm32cubeide/plugins/com.st.stm32cube.ide.mcu.externaltools.gnu-tools-for-stm32.7-2018-q2-update.win32_1.0.0.201904181610/tools/bin/../lib/gcc/arm-none-eabi/7.3.1/thumb/v6-m/crtbegin.o
                [!provide]                        PROVIDE (__fini_array_end = .)
                0x0000000008002d38                . = ALIGN (0x4)
                0x0000000008002d38                _sidata = LOADADDR (.data)

.data           0x0000000020000000       0x74 load address 0x0000000008002d38
                0x0000000020000000                . = ALIGN (0x4)
                0x0000000020000000                _sdata = .
 *(.data)
 *(.data*)
 .data.SystemCoreClock
                0x0000000020000000        0x4 Core/Src/system_stm32f0xx.o
                0x0000000020000000                SystemCoreClock
 .data.uwTickPrio
                0x0000000020000004        0x4 Drivers/STM32F0xx_HAL_Driver/Src/stm32f0xx_hal.o
                0x0000000020000004                uwTickPrio
 .data.uwTickFreq
                0x0000000020000008        0x1 Drivers/STM32F0xx_HAL_Driver/Src/stm32f0xx_hal.o
                0x0000000020000008                uwTickFreq
 *fill*         0x0000000020000009        0x3 
 .data._ZN10__cxxabiv119__terminate_handlerE
                0x000000002000000c        0x4 d:/st/stm32cubeide_1.0.2/stm32cubeide/plugins/com.st.stm32cube.ide.mcu.externaltools.gnu-tools-for-stm32.7-2018-q2-update.win32_1.0.0.201904181610/tools/bin/../lib/gcc/arm-none-eabi/7.3.1/../../../../arm-none-eabi/lib/thumb/v6-m\libstdc++_nano.a(eh_term_handler.o)
                0x000000002000000c                __cxxabiv1::__terminate_handler
 .data._impure_ptr
                0x0000000020000010        0x4 d:/st/stm32cubeide_1.0.2/stm32cubeide/plugins/com.st.stm32cube.ide.mcu.externaltools.gnu-tools-for-stm32.7-2018-q2-update.win32_1.0.0.201904181610/tools/bin/../lib/gcc/arm-none-eabi/7.3.1/../../../../arm-none-eabi/lib/thumb/v6-m\libc_nano.a(lib_a-impure.o)
                0x0000000020000010                _impure_ptr
 .data.impure_data
                0x0000000020000014       0x60 d:/st/stm32cubeide_1.0.2/stm32cubeide/plugins/com.st.stm32cube.ide.mcu.externaltools.gnu-tools-for-stm32.7-2018-q2-update.win32_1.0.0.201904181610/tools/bin/../lib/gcc/arm-none-eabi/7.3.1/../../../../arm-none-eabi/lib/thumb/v6-m\libc_nano.a(lib_a-impure.o)
                0x0000000020000074                . = ALIGN (0x4)
                0x0000000020000074                _edata = .

.igot.plt       0x0000000020000074        0x0 load address 0x0000000008002dac
 .igot.plt      0x0000000020000074        0x0 d:/st/stm32cubeide_1.0.2/stm32cubeide/plugins/com.st.stm32cube.ide.mcu.externaltools.gnu-tools-for-stm32.7-2018-q2-update.win32_1.0.0.201904181610/tools/bin/../lib/gcc/arm-none-eabi/7.3.1/thumb/v6-m/crtbegin.o
                0x0000000020000074                . = ALIGN (0x4)

.bss            0x0000000020000074      0x10c load address 0x0000000008002dac
                0x0000000020000074                _sbss = .
                0x0000000020000074                __bss_start__ = _sbss
 *(.bss)
 .bss           0x0000000020000074       0x1c d:/st/stm32cubeide_1.0.2/stm32cubeide/plugins/com.st.stm32cube.ide.mcu.externaltools.gnu-tools-for-stm32.7-2018-q2-update.win32_1.0.0.201904181610/tools/bin/../lib/gcc/arm-none-eabi/7.3.1/thumb/v6-m/crtbegin.o
 *(.bss*)
 .bss.auxPacket
                0x0000000020000090        0x4 Core/Src/main.o
                0x0000000020000090                auxPacket
 .bss.aux0      0x0000000020000094       0x3c Core/Src/main.o
                0x0000000020000094                aux0
 .bss.receivedSomething
                0x00000000200000d0        0x1 Core/Src/main.o
                0x00000000200000d0                receivedSomething
 *fill*         0x00000000200000d1        0x3 
 .bss.htim6     0x00000000200000d4       0x40 Core/Src/main.o
                0x00000000200000d4                htim6
 .bss.hcan      0x0000000020000114       0x28 Core/Src/main.o
                0x0000000020000114                hcan
 .bss._ZN21SUBSYSTEM_DATA_MODULE13rxModulesTreeE
                0x000000002000013c       0x38 Core/subsystem-can-driver/subsystem-data-module.o
                0x000000002000013c                SUBSYSTEM_DATA_MODULE::rxModulesTree
 .bss._ZN21SUBSYSTEM_DATA_MODULE4hcanE
                0x0000000020000174        0x4 Core/subsystem-can-driver/subsystem-data-module.o
                0x0000000020000174                SUBSYSTEM_DATA_MODULE::hcan
 *(COMMON)
 COMMON         0x0000000020000178        0x4 Drivers/STM32F0xx_HAL_Driver/Src/stm32f0xx_hal.o
                0x0000000020000178                uwTick
 COMMON         0x000000002000017c        0x4 d:/st/stm32cubeide_1.0.2/stm32cubeide/plugins/com.st.stm32cube.ide.mcu.externaltools.gnu-tools-for-stm32.7-2018-q2-update.win32_1.0.0.201904181610/tools/bin/../lib/gcc/arm-none-eabi/7.3.1/../../../../arm-none-eabi/lib/thumb/v6-m\libc_nano.a(lib_a-reent.o)
                0x000000002000017c                errno
                0x0000000020000180                . = ALIGN (0x4)
                0x0000000020000180                _ebss = .
                0x0000000020000180                __bss_end__ = _ebss

._user_heap_stack
                0x0000000020000180      0x600 load address 0x0000000008002dac
                0x0000000020000180                . = ALIGN (0x8)
                0x0000000020000180                PROVIDE (end = .)
                [!provide]                        PROVIDE (_end = .)
                0x0000000020000380                . = (. + _Min_Heap_Size)
 *fill*         0x0000000020000180      0x200 
                0x0000000020000780                . = (. + _Min_Stack_Size)
 *fill*         0x0000000020000380      0x400 
                0x0000000020000780                . = ALIGN (0x8)

/DISCARD/
 libc.a(*)
 libm.a(*)
 libgcc.a(*)

.ARM.attributes
                0x0000000000000000       0x28
 *(.ARM.attributes)
 .ARM.attributes
                0x0000000000000000       0x1e d:/st/stm32cubeide_1.0.2/stm32cubeide/plugins/com.st.stm32cube.ide.mcu.externaltools.gnu-tools-for-stm32.7-2018-q2-update.win32_1.0.0.201904181610/tools/bin/../lib/gcc/arm-none-eabi/7.3.1/thumb/v6-m/crti.o
 .ARM.attributes
                0x000000000000001e       0x2c d:/st/stm32cubeide_1.0.2/stm32cubeide/plugins/com.st.stm32cube.ide.mcu.externaltools.gnu-tools-for-stm32.7-2018-q2-update.win32_1.0.0.201904181610/tools/bin/../lib/gcc/arm-none-eabi/7.3.1/thumb/v6-m/crtbegin.o
 .ARM.attributes
                0x000000000000004a       0x31 Core/Src/main.o
 .ARM.attributes
                0x000000000000007b       0x31 Core/Src/stm32f0xx_hal_msp.o
 .ARM.attributes
                0x00000000000000ac       0x31 Core/Src/stm32f0xx_it.o
 .ARM.attributes
                0x00000000000000dd       0x31 Core/Src/syscalls.o
 .ARM.attributes
                0x000000000000010e       0x31 Core/Src/system_stm32f0xx.o
 .ARM.attributes
                0x000000000000013f       0x21 Core/Startup/startup_stm32f072rbtx.o
 .ARM.attributes
                0x0000000000000160       0x31 Core/subsystem-can-driver/aux-data-module.o
 .ARM.attributes
                0x0000000000000191       0x31 Core/subsystem-can-driver/subsystem-data-module.o
 .ARM.attributes
                0x00000000000001c2       0x31 Core/subsystem-can-driver/helper-code/rx-module-binary-tree.o
 .ARM.attributes
                0x00000000000001f3       0x31 Drivers/STM32F0xx_HAL_Driver/Src/stm32f0xx_hal.o
 .ARM.attributes
                0x0000000000000224       0x31 Drivers/STM32F0xx_HAL_Driver/Src/stm32f0xx_hal_can.o
 .ARM.attributes
                0x0000000000000255       0x31 Drivers/STM32F0xx_HAL_Driver/Src/stm32f0xx_hal_cortex.o
 .ARM.attributes
                0x0000000000000286       0x31 Drivers/STM32F0xx_HAL_Driver/Src/stm32f0xx_hal_gpio.o
 .ARM.attributes
                0x00000000000002b7       0x31 Drivers/STM32F0xx_HAL_Driver/Src/stm32f0xx_hal_rcc.o
 .ARM.attributes
                0x00000000000002e8       0x31 Drivers/STM32F0xx_HAL_Driver/Src/stm32f0xx_hal_tim.o
 .ARM.attributes
                0x0000000000000319       0x31 Drivers/STM32F0xx_HAL_Driver/Src/stm32f0xx_hal_tim_ex.o
 .ARM.attributes
                0x000000000000034a       0x2c d:/st/stm32cubeide_1.0.2/stm32cubeide/plugins/com.st.stm32cube.ide.mcu.externaltools.gnu-tools-for-stm32.7-2018-q2-update.win32_1.0.0.201904181610/tools/bin/../lib/gcc/arm-none-eabi/7.3.1/../../../../arm-none-eabi/lib/thumb/v6-m\libstdc++_nano.a(pure.o)
 .ARM.attributes
                0x0000000000000376       0x2c d:/st/stm32cubeide_1.0.2/stm32cubeide/plugins/com.st.stm32cube.ide.mcu.externaltools.gnu-tools-for-stm32.7-2018-q2-update.win32_1.0.0.201904181610/tools/bin/../lib/gcc/arm-none-eabi/7.3.1/../../../../arm-none-eabi/lib/thumb/v6-m\libstdc++_nano.a(eh_terminate.o)
 .ARM.attributes
                0x00000000000003a2       0x2c d:/st/stm32cubeide_1.0.2/stm32cubeide/plugins/com.st.stm32cube.ide.mcu.externaltools.gnu-tools-for-stm32.7-2018-q2-update.win32_1.0.0.201904181610/tools/bin/../lib/gcc/arm-none-eabi/7.3.1/../../../../arm-none-eabi/lib/thumb/v6-m\libstdc++_nano.a(eh_term_handler.o)
 .ARM.attributes
                0x00000000000003ce       0x2c d:/st/stm32cubeide_1.0.2/stm32cubeide/plugins/com.st.stm32cube.ide.mcu.externaltools.gnu-tools-for-stm32.7-2018-q2-update.win32_1.0.0.201904181610/tools/bin/../lib/gcc/arm-none-eabi/7.3.1/../../../../arm-none-eabi/lib/thumb/v6-m\libc_nano.a(lib_a-abort.o)
 .ARM.attributes
                0x00000000000003fa       0x2c d:/st/stm32cubeide_1.0.2/stm32cubeide/plugins/com.st.stm32cube.ide.mcu.externaltools.gnu-tools-for-stm32.7-2018-q2-update.win32_1.0.0.201904181610/tools/bin/../lib/gcc/arm-none-eabi/7.3.1/../../../../arm-none-eabi/lib/thumb/v6-m\libc_nano.a(lib_a-errno.o)
 .ARM.attributes
                0x0000000000000426       0x2c d:/st/stm32cubeide_1.0.2/stm32cubeide/plugins/com.st.stm32cube.ide.mcu.externaltools.gnu-tools-for-stm32.7-2018-q2-update.win32_1.0.0.201904181610/tools/bin/../lib/gcc/arm-none-eabi/7.3.1/../../../../arm-none-eabi/lib/thumb/v6-m\libc_nano.a(lib_a-impure.o)
 .ARM.attributes
                0x0000000000000452       0x2c d:/st/stm32cubeide_1.0.2/stm32cubeide/plugins/com.st.stm32cube.ide.mcu.externaltools.gnu-tools-for-stm32.7-2018-q2-update.win32_1.0.0.201904181610/tools/bin/../lib/gcc/arm-none-eabi/7.3.1/../../../../arm-none-eabi/lib/thumb/v6-m\libc_nano.a(lib_a-init.o)
 .ARM.attributes
                0x000000000000047e       0x2c d:/st/stm32cubeide_1.0.2/stm32cubeide/plugins/com.st.stm32cube.ide.mcu.externaltools.gnu-tools-for-stm32.7-2018-q2-update.win32_1.0.0.201904181610/tools/bin/../lib/gcc/arm-none-eabi/7.3.1/../../../../arm-none-eabi/lib/thumb/v6-m\libc_nano.a(lib_a-memset.o)
 .ARM.attributes
                0x00000000000004aa       0x2c d:/st/stm32cubeide_1.0.2/stm32cubeide/plugins/com.st.stm32cube.ide.mcu.externaltools.gnu-tools-for-stm32.7-2018-q2-update.win32_1.0.0.201904181610/tools/bin/../lib/gcc/arm-none-eabi/7.3.1/../../../../arm-none-eabi/lib/thumb/v6-m\libc_nano.a(lib_a-signal.o)
 .ARM.attributes
                0x00000000000004d6       0x2c d:/st/stm32cubeide_1.0.2/stm32cubeide/plugins/com.st.stm32cube.ide.mcu.externaltools.gnu-tools-for-stm32.7-2018-q2-update.win32_1.0.0.201904181610/tools/bin/../lib/gcc/arm-none-eabi/7.3.1/../../../../arm-none-eabi/lib/thumb/v6-m\libc_nano.a(lib_a-signalr.o)
 .ARM.attributes
                0x0000000000000502       0x2c d:/st/stm32cubeide_1.0.2/stm32cubeide/plugins/com.st.stm32cube.ide.mcu.externaltools.gnu-tools-for-stm32.7-2018-q2-update.win32_1.0.0.201904181610/tools/bin/../lib/gcc/arm-none-eabi/7.3.1/../../../../arm-none-eabi/lib/thumb/v6-m\libc_nano.a(lib_a-reent.o)
 .ARM.attributes
                0x000000000000052e       0x1e d:/st/stm32cubeide_1.0.2/stm32cubeide/plugins/com.st.stm32cube.ide.mcu.externaltools.gnu-tools-for-stm32.7-2018-q2-update.win32_1.0.0.201904181610/tools/bin/../lib/gcc/arm-none-eabi/7.3.1/thumb/v6-m\libgcc.a(_udivsi3.o)
 .ARM.attributes
                0x000000000000054c       0x1e d:/st/stm32cubeide_1.0.2/stm32cubeide/plugins/com.st.stm32cube.ide.mcu.externaltools.gnu-tools-for-stm32.7-2018-q2-update.win32_1.0.0.201904181610/tools/bin/../lib/gcc/arm-none-eabi/7.3.1/thumb/v6-m\libgcc.a(_divsi3.o)
 .ARM.attributes
                0x000000000000056a       0x1e d:/st/stm32cubeide_1.0.2/stm32cubeide/plugins/com.st.stm32cube.ide.mcu.externaltools.gnu-tools-for-stm32.7-2018-q2-update.win32_1.0.0.201904181610/tools/bin/../lib/gcc/arm-none-eabi/7.3.1/thumb/v6-m\libgcc.a(_dvmd_tls.o)
 .ARM.attributes
                0x0000000000000588       0x1e d:/st/stm32cubeide_1.0.2/stm32cubeide/plugins/com.st.stm32cube.ide.mcu.externaltools.gnu-tools-for-stm32.7-2018-q2-update.win32_1.0.0.201904181610/tools/bin/../lib/gcc/arm-none-eabi/7.3.1/thumb/v6-m/crtn.o
OUTPUT(SolarGators_Auxiliary_SteeringWheelPROTOTYPE_V0.elf elf32-littlearm)

.debug_info     0x0000000000000000     0xbb84
 .debug_info    0x0000000000000000     0x13bd Core/Src/main.o
 .debug_info    0x00000000000013bd      0x746 Core/Src/stm32f0xx_hal_msp.o
 .debug_info    0x0000000000001b03      0x1c9 Core/Src/stm32f0xx_it.o
 .debug_info    0x0000000000001ccc      0xebd Core/Src/syscalls.o
 .debug_info    0x0000000000002b89      0x29e Core/Src/system_stm32f0xx.o
 .debug_info    0x0000000000002e27       0x22 Core/Startup/startup_stm32f072rbtx.o
 .debug_info    0x0000000000002e49     0x1028 Core/subsystem-can-driver/aux-data-module.o
 .debug_info    0x0000000000003e71     0x1243 Core/subsystem-can-driver/subsystem-data-module.o
 .debug_info    0x00000000000050b4      0x8a3 Core/subsystem-can-driver/helper-code/rx-module-binary-tree.o
 .debug_info    0x0000000000005957      0x6c0 Drivers/STM32F0xx_HAL_Driver/Src/stm32f0xx_hal.o
 .debug_info    0x0000000000006017      0xf1e Drivers/STM32F0xx_HAL_Driver/Src/stm32f0xx_hal_can.o
 .debug_info    0x0000000000006f35      0x78c Drivers/STM32F0xx_HAL_Driver/Src/stm32f0xx_hal_cortex.o
 .debug_info    0x00000000000076c1      0x67a Drivers/STM32F0xx_HAL_Driver/Src/stm32f0xx_hal_gpio.o
 .debug_info    0x0000000000007d3b      0x82d Drivers/STM32F0xx_HAL_Driver/Src/stm32f0xx_hal_rcc.o
 .debug_info    0x0000000000008568     0x252c Drivers/STM32F0xx_HAL_Driver/Src/stm32f0xx_hal_tim.o
 .debug_info    0x000000000000aa94     0x10f0 Drivers/STM32F0xx_HAL_Driver/Src/stm32f0xx_hal_tim_ex.o

.debug_abbrev   0x0000000000000000     0x223c
 .debug_abbrev  0x0000000000000000      0x37f Core/Src/main.o
 .debug_abbrev  0x000000000000037f      0x18e Core/Src/stm32f0xx_hal_msp.o
 .debug_abbrev  0x000000000000050d       0xc6 Core/Src/stm32f0xx_it.o
 .debug_abbrev  0x00000000000005d3      0x261 Core/Src/syscalls.o
 .debug_abbrev  0x0000000000000834      0x12b Core/Src/system_stm32f0xx.o
 .debug_abbrev  0x000000000000095f       0x12 Core/Startup/startup_stm32f072rbtx.o
 .debug_abbrev  0x0000000000000971      0x405 Core/subsystem-can-driver/aux-data-module.o
 .debug_abbrev  0x0000000000000d76      0x442 Core/subsystem-can-driver/subsystem-data-module.o
 .debug_abbrev  0x00000000000011b8      0x276 Core/subsystem-can-driver/helper-code/rx-module-binary-tree.o
 .debug_abbrev  0x000000000000142e      0x1c7 Drivers/STM32F0xx_HAL_Driver/Src/stm32f0xx_hal.o
 .debug_abbrev  0x00000000000015f5      0x1b7 Drivers/STM32F0xx_HAL_Driver/Src/stm32f0xx_hal_can.o
 .debug_abbrev  0x00000000000017ac      0x273 Drivers/STM32F0xx_HAL_Driver/Src/stm32f0xx_hal_cortex.o
 .debug_abbrev  0x0000000000001a1f      0x1c0 Drivers/STM32F0xx_HAL_Driver/Src/stm32f0xx_hal_gpio.o
 .debug_abbrev  0x0000000000001bdf      0x20f Drivers/STM32F0xx_HAL_Driver/Src/stm32f0xx_hal_rcc.o
 .debug_abbrev  0x0000000000001dee      0x230 Drivers/STM32F0xx_HAL_Driver/Src/stm32f0xx_hal_tim.o
 .debug_abbrev  0x000000000000201e      0x21e Drivers/STM32F0xx_HAL_Driver/Src/stm32f0xx_hal_tim_ex.o

.debug_aranges  0x0000000000000000      0xbf8
 .debug_aranges
                0x0000000000000000       0x70 Core/Src/main.o
 .debug_aranges
                0x0000000000000070       0x30 Core/Src/stm32f0xx_hal_msp.o
 .debug_aranges
                0x00000000000000a0       0x48 Core/Src/stm32f0xx_it.o
 .debug_aranges
                0x00000000000000e8       0xa8 Core/Src/syscalls.o
 .debug_aranges
                0x0000000000000190       0x28 Core/Src/system_stm32f0xx.o
 .debug_aranges
                0x00000000000001b8       0x28 Core/Startup/startup_stm32f072rbtx.o
 .debug_aranges
                0x00000000000001e0       0x40 Core/subsystem-can-driver/aux-data-module.o
 .debug_aranges
                0x0000000000000220       0xa8 Core/subsystem-can-driver/subsystem-data-module.o
 .debug_aranges
                0x00000000000002c8       0x88 Core/subsystem-can-driver/helper-code/rx-module-binary-tree.o
 .debug_aranges
                0x0000000000000350       0xd0 Drivers/STM32F0xx_HAL_Driver/Src/stm32f0xx_hal.o
 .debug_aranges
                0x0000000000000420      0x138 Drivers/STM32F0xx_HAL_Driver/Src/stm32f0xx_hal_can.o
 .debug_aranges
                0x0000000000000558       0xc0 Drivers/STM32F0xx_HAL_Driver/Src/stm32f0xx_hal_cortex.o
 .debug_aranges
                0x0000000000000618       0x58 Drivers/STM32F0xx_HAL_Driver/Src/stm32f0xx_hal_gpio.o
 .debug_aranges
                0x0000000000000670       0x80 Drivers/STM32F0xx_HAL_Driver/Src/stm32f0xx_hal_rcc.o
 .debug_aranges
                0x00000000000006f0      0x3b8 Drivers/STM32F0xx_HAL_Driver/Src/stm32f0xx_hal_tim.o
 .debug_aranges
                0x0000000000000aa8      0x150 Drivers/STM32F0xx_HAL_Driver/Src/stm32f0xx_hal_tim_ex.o

.debug_ranges   0x0000000000000000      0xb00
 .debug_ranges  0x0000000000000000       0x60 Core/Src/main.o
 .debug_ranges  0x0000000000000060       0x20 Core/Src/stm32f0xx_hal_msp.o
 .debug_ranges  0x0000000000000080       0x38 Core/Src/stm32f0xx_it.o
 .debug_ranges  0x00000000000000b8       0x98 Core/Src/syscalls.o
 .debug_ranges  0x0000000000000150       0x18 Core/Src/system_stm32f0xx.o
 .debug_ranges  0x0000000000000168       0x20 Core/Startup/startup_stm32f072rbtx.o
 .debug_ranges  0x0000000000000188       0x30 Core/subsystem-can-driver/aux-data-module.o
 .debug_ranges  0x00000000000001b8       0x98 Core/subsystem-can-driver/subsystem-data-module.o
 .debug_ranges  0x0000000000000250       0x78 Core/subsystem-can-driver/helper-code/rx-module-binary-tree.o
 .debug_ranges  0x00000000000002c8       0xc0 Drivers/STM32F0xx_HAL_Driver/Src/stm32f0xx_hal.o
 .debug_ranges  0x0000000000000388      0x128 Drivers/STM32F0xx_HAL_Driver/Src/stm32f0xx_hal_can.o
 .debug_ranges  0x00000000000004b0       0xb0 Drivers/STM32F0xx_HAL_Driver/Src/stm32f0xx_hal_cortex.o
 .debug_ranges  0x0000000000000560       0x48 Drivers/STM32F0xx_HAL_Driver/Src/stm32f0xx_hal_gpio.o
 .debug_ranges  0x00000000000005a8       0x70 Drivers/STM32F0xx_HAL_Driver/Src/stm32f0xx_hal_rcc.o
 .debug_ranges  0x0000000000000618      0x3a8 Drivers/STM32F0xx_HAL_Driver/Src/stm32f0xx_hal_tim.o
 .debug_ranges  0x00000000000009c0      0x140 Drivers/STM32F0xx_HAL_Driver/Src/stm32f0xx_hal_tim_ex.o

.debug_macro    0x0000000000000000    0x17f8d
 .debug_macro   0x0000000000000000      0x206 Core/Src/main.o
 .debug_macro   0x0000000000000206      0xb1a Core/Src/main.o
 .debug_macro   0x0000000000000d20      0x133 Core/Src/main.o
 .debug_macro   0x0000000000000e53       0x2e Core/Src/main.o
 .debug_macro   0x0000000000000e81       0x22 Core/Src/main.o
 .debug_macro   0x0000000000000ea3       0x1c Core/Src/main.o
 .debug_macro   0x0000000000000ebf       0x22 Core/Src/main.o
 .debug_macro   0x0000000000000ee1       0x8e Core/Src/main.o
 .debug_macro   0x0000000000000f6f       0x51 Core/Src/main.o
 .debug_macro   0x0000000000000fc0       0xef Core/Src/main.o
 .debug_macro   0x00000000000010af       0x6a Core/Src/main.o
 .debug_macro   0x0000000000001119      0x1df Core/Src/main.o
 .debug_macro   0x00000000000012f8       0x1c Core/Src/main.o
 .debug_macro   0x0000000000001314       0x22 Core/Src/main.o
 .debug_macro   0x0000000000001336       0xb5 Core/Src/main.o
 .debug_macro   0x00000000000013eb      0x391 Core/Src/main.o
 .debug_macro   0x000000000000177c     0xfe50 Core/Src/main.o
 .debug_macro   0x00000000000115cc       0x3c Core/Src/main.o
 .debug_macro   0x0000000000011608      0x17b Core/Src/main.o
 .debug_macro   0x0000000000011783       0x53 Core/Src/main.o
 .debug_macro   0x00000000000117d6      0x946 Core/Src/main.o
 .debug_macro   0x000000000001211c      0x5f3 Core/Src/main.o
 .debug_macro   0x000000000001270f      0x12f Core/Src/main.o
 .debug_macro   0x000000000001283e      0x1a7 Core/Src/main.o
 .debug_macro   0x00000000000129e5      0x1a7 Core/Src/main.o
 .debug_macro   0x0000000000012b8c      0x22c Core/Src/main.o
 .debug_macro   0x0000000000012db8       0x34 Core/Src/main.o
 .debug_macro   0x0000000000012dec       0x43 Core/Src/main.o
 .debug_macro   0x0000000000012e2f       0x28 Core/Src/main.o
 .debug_macro   0x0000000000012e57      0x408 Core/Src/main.o
 .debug_macro   0x000000000001325f       0xb0 Core/Src/main.o
 .debug_macro   0x000000000001330f      0x217 Core/Src/main.o
 .debug_macro   0x0000000000013526      0x22c Core/Src/main.o
 .debug_macro   0x0000000000013752       0x5f Core/Src/main.o
 .debug_macro   0x00000000000137b1       0xa5 Core/Src/main.o
 .debug_macro   0x0000000000013856       0x4c Core/Src/main.o
 .debug_macro   0x00000000000138a2      0x16d Core/Src/main.o
 .debug_macro   0x0000000000013a0f      0x8ae Core/Src/main.o
 .debug_macro   0x00000000000142bd       0x28 Core/Src/main.o
 .debug_macro   0x00000000000142e5      0x130 Core/Src/main.o
 .debug_macro   0x0000000000014415       0xca Core/Src/main.o
 .debug_macro   0x00000000000144df       0x16 Core/Src/main.o
 .debug_macro   0x00000000000144f5      0x1be Core/Src/stm32f0xx_hal_msp.o
 .debug_macro   0x00000000000146b3      0xa48 Core/Src/stm32f0xx_hal_msp.o
 .debug_macro   0x00000000000150fb      0x391 Core/Src/stm32f0xx_hal_msp.o
 .debug_macro   0x000000000001548c      0x174 Core/Src/stm32f0xx_hal_msp.o
 .debug_macro   0x0000000000015600      0x1c8 Core/Src/stm32f0xx_it.o
 .debug_macro   0x00000000000157c8      0x243 Core/Src/syscalls.o
 .debug_macro   0x0000000000015a0b       0x40 Core/Src/syscalls.o
 .debug_macro   0x0000000000015a4b       0x18 Core/Src/syscalls.o
 .debug_macro   0x0000000000015a63       0x94 Core/Src/syscalls.o
 .debug_macro   0x0000000000015af7       0x3c Core/Src/syscalls.o
 .debug_macro   0x0000000000015b33       0x34 Core/Src/syscalls.o
 .debug_macro   0x0000000000015b67       0x57 Core/Src/syscalls.o
 .debug_macro   0x0000000000015bbe      0x330 Core/Src/syscalls.o
 .debug_macro   0x0000000000015eee       0x52 Core/Src/syscalls.o
 .debug_macro   0x0000000000015f40       0x1f Core/Src/syscalls.o
 .debug_macro   0x0000000000015f5f       0x43 Core/Src/syscalls.o
 .debug_macro   0x0000000000015fa2       0x20 Core/Src/syscalls.o
 .debug_macro   0x0000000000015fc2      0x1a3 Core/Src/syscalls.o
 .debug_macro   0x0000000000016165       0x10 Core/Src/syscalls.o
 .debug_macro   0x0000000000016175       0x35 Core/Src/syscalls.o
 .debug_macro   0x00000000000161aa       0x10 Core/Src/syscalls.o
 .debug_macro   0x00000000000161ba       0x10 Core/Src/syscalls.o
 .debug_macro   0x00000000000161ca       0x10 Core/Src/syscalls.o
 .debug_macro   0x00000000000161da       0x1c Core/Src/syscalls.o
 .debug_macro   0x00000000000161f6       0x52 Core/Src/syscalls.o
 .debug_macro   0x0000000000016248       0x40 Core/Src/syscalls.o
 .debug_macro   0x0000000000016288       0x10 Core/Src/syscalls.o
 .debug_macro   0x0000000000016298       0x40 Core/Src/syscalls.o
 .debug_macro   0x00000000000162d8       0xd7 Core/Src/syscalls.o
 .debug_macro   0x00000000000163af       0x1c Core/Src/syscalls.o
 .debug_macro   0x00000000000163cb       0x3d Core/Src/syscalls.o
 .debug_macro   0x0000000000016408       0x35 Core/Src/syscalls.o
 .debug_macro   0x000000000001643d      0x122 Core/Src/syscalls.o
 .debug_macro   0x000000000001655f       0x16 Core/Src/syscalls.o
 .debug_macro   0x0000000000016575       0x16 Core/Src/syscalls.o
 .debug_macro   0x000000000001658b       0x29 Core/Src/syscalls.o
 .debug_macro   0x00000000000165b4       0x10 Core/Src/syscalls.o
 .debug_macro   0x00000000000165c4      0x241 Core/Src/syscalls.o
 .debug_macro   0x0000000000016805       0x1c Core/Src/syscalls.o
 .debug_macro   0x0000000000016821       0x10 Core/Src/syscalls.o
 .debug_macro   0x0000000000016831       0x10 Core/Src/syscalls.o
 .debug_macro   0x0000000000016841       0x16 Core/Src/syscalls.o
 .debug_macro   0x0000000000016857      0x145 Core/Src/syscalls.o
 .debug_macro   0x000000000001699c      0x189 Core/Src/syscalls.o
 .debug_macro   0x0000000000016b25       0x16 Core/Src/syscalls.o
 .debug_macro   0x0000000000016b3b       0x88 Core/Src/syscalls.o
 .debug_macro   0x0000000000016bc3      0x1af Core/Src/system_stm32f0xx.o
 .debug_macro   0x0000000000016d72      0x1f9 Core/subsystem-can-driver/aux-data-module.o
 .debug_macro   0x0000000000016f6b      0x1ef Core/subsystem-can-driver/subsystem-data-module.o
 .debug_macro   0x000000000001715a      0x1f3 Core/subsystem-can-driver/helper-code/rx-module-binary-tree.o
 .debug_macro   0x000000000001734d      0x1d3 Drivers/STM32F0xx_HAL_Driver/Src/stm32f0xx_hal.o
 .debug_macro   0x0000000000017520      0x1b7 Drivers/STM32F0xx_HAL_Driver/Src/stm32f0xx_hal_can.o
 .debug_macro   0x00000000000176d7      0x1af Drivers/STM32F0xx_HAL_Driver/Src/stm32f0xx_hal_cortex.o
 .debug_macro   0x0000000000017886      0x1e7 Drivers/STM32F0xx_HAL_Driver/Src/stm32f0xx_hal_gpio.o
 .debug_macro   0x0000000000017a6d      0x1c1 Drivers/STM32F0xx_HAL_Driver/Src/stm32f0xx_hal_rcc.o
 .debug_macro   0x0000000000017c2e      0x1b0 Drivers/STM32F0xx_HAL_Driver/Src/stm32f0xx_hal_tim.o
 .debug_macro   0x0000000000017dde      0x1af Drivers/STM32F0xx_HAL_Driver/Src/stm32f0xx_hal_tim_ex.o

.debug_line     0x0000000000000000     0x933a
 .debug_line    0x0000000000000000      0x951 Core/Src/main.o
 .debug_line    0x0000000000000951      0x6a6 Core/Src/stm32f0xx_hal_msp.o
 .debug_line    0x0000000000000ff7      0x6ea Core/Src/stm32f0xx_it.o
 .debug_line    0x00000000000016e1      0x742 Core/Src/syscalls.o
 .debug_line    0x0000000000001e23      0x6a3 Core/Src/system_stm32f0xx.o
 .debug_line    0x00000000000024c6       0x89 Core/Startup/startup_stm32f072rbtx.o
 .debug_line    0x000000000000254f      0x7c8 Core/subsystem-can-driver/aux-data-module.o
 .debug_line    0x0000000000002d17      0x938 Core/subsystem-can-driver/subsystem-data-module.o
 .debug_line    0x000000000000364f      0x92d Core/subsystem-can-driver/helper-code/rx-module-binary-tree.o
 .debug_line    0x0000000000003f7c      0x836 Drivers/STM32F0xx_HAL_Driver/Src/stm32f0xx_hal.o
 .debug_line    0x00000000000047b2      0xb1d Drivers/STM32F0xx_HAL_Driver/Src/stm32f0xx_hal_can.o
 .debug_line    0x00000000000052cf      0x84e Drivers/STM32F0xx_HAL_Driver/Src/stm32f0xx_hal_cortex.o
 .debug_line    0x0000000000005b1d      0x810 Drivers/STM32F0xx_HAL_Driver/Src/stm32f0xx_hal_gpio.o
 .debug_line    0x000000000000632d      0x923 Drivers/STM32F0xx_HAL_Driver/Src/stm32f0xx_hal_rcc.o
 .debug_line    0x0000000000006c50     0x1a68 Drivers/STM32F0xx_HAL_Driver/Src/stm32f0xx_hal_tim.o
 .debug_line    0x00000000000086b8      0xc82 Drivers/STM32F0xx_HAL_Driver/Src/stm32f0xx_hal_tim_ex.o

.debug_str      0x0000000000000000    0x80290
 .debug_str     0x0000000000000000    0x77e4a Core/Src/main.o
                                      0x78399 (size before relaxing)
 .debug_str     0x0000000000077e4a      0x21c Core/Src/stm32f0xx_hal_msp.o
                                      0x77109 (size before relaxing)
 .debug_str     0x0000000000078066       0x8a Core/Src/stm32f0xx_it.o
                                      0x76d39 (size before relaxing)
 .debug_str     0x00000000000780f0     0x5234 Core/Src/syscalls.o
                                       0x880e (size before relaxing)
 .debug_str     0x000000000007d324       0x5f Core/Src/system_stm32f0xx.o
                                      0x769e6 (size before relaxing)
 .debug_str     0x000000000007d383       0x36 Core/Startup/startup_stm32f072rbtx.o
                                         0x92 (size before relaxing)
 .debug_str     0x000000000007d3b9      0xaab Core/subsystem-can-driver/aux-data-module.o
                                      0x78341 (size before relaxing)
 .debug_str     0x000000000007de64      0x27d Core/subsystem-can-driver/subsystem-data-module.o
                                      0x78164 (size before relaxing)
 .debug_str     0x000000000007e0e1       0x8d Core/subsystem-can-driver/helper-code/rx-module-binary-tree.o
                                      0x7762a (size before relaxing)
 .debug_str     0x000000000007e16e      0x385 Drivers/STM32F0xx_HAL_Driver/Src/stm32f0xx_hal.o
                                      0x76f54 (size before relaxing)
 .debug_str     0x000000000007e4f3      0x451 Drivers/STM32F0xx_HAL_Driver/Src/stm32f0xx_hal_can.o
                                      0x771d7 (size before relaxing)
 .debug_str     0x000000000007e944      0x1d1 Drivers/STM32F0xx_HAL_Driver/Src/stm32f0xx_hal_cortex.o
                                      0x76e08 (size before relaxing)
 .debug_str     0x000000000007eb15      0x205 Drivers/STM32F0xx_HAL_Driver/Src/stm32f0xx_hal_gpio.o
                                      0x76c82 (size before relaxing)
 .debug_str     0x000000000007ed1a      0x249 Drivers/STM32F0xx_HAL_Driver/Src/stm32f0xx_hal_rcc.o
                                      0x76dfb (size before relaxing)
 .debug_str     0x000000000007ef63      0xdfe Drivers/STM32F0xx_HAL_Driver/Src/stm32f0xx_hal_tim.o
                                      0x77bdf (size before relaxing)
 .debug_str     0x000000000007fd61      0x52f Drivers/STM32F0xx_HAL_Driver/Src/stm32f0xx_hal_tim_ex.o
                                      0x77393 (size before relaxing)

.comment        0x0000000000000000       0x7b
 .comment       0x0000000000000000       0x7b Core/Src/main.o
                                         0x7c (size before relaxing)
 .comment       0x000000000000007b       0x7c Core/Src/stm32f0xx_hal_msp.o
 .comment       0x000000000000007b       0x7c Core/Src/stm32f0xx_it.o
 .comment       0x000000000000007b       0x7c Core/Src/syscalls.o
 .comment       0x000000000000007b       0x7c Core/Src/system_stm32f0xx.o
 .comment       0x000000000000007b       0x7c Core/subsystem-can-driver/aux-data-module.o
 .comment       0x000000000000007b       0x7c Core/subsystem-can-driver/subsystem-data-module.o
 .comment       0x000000000000007b       0x7c Core/subsystem-can-driver/helper-code/rx-module-binary-tree.o
 .comment       0x000000000000007b       0x7c Drivers/STM32F0xx_HAL_Driver/Src/stm32f0xx_hal.o
 .comment       0x000000000000007b       0x7c Drivers/STM32F0xx_HAL_Driver/Src/stm32f0xx_hal_can.o
 .comment       0x000000000000007b       0x7c Drivers/STM32F0xx_HAL_Driver/Src/stm32f0xx_hal_cortex.o
 .comment       0x000000000000007b       0x7c Drivers/STM32F0xx_HAL_Driver/Src/stm32f0xx_hal_gpio.o
 .comment       0x000000000000007b       0x7c Drivers/STM32F0xx_HAL_Driver/Src/stm32f0xx_hal_rcc.o
 .comment       0x000000000000007b       0x7c Drivers/STM32F0xx_HAL_Driver/Src/stm32f0xx_hal_tim.o
 .comment       0x000000000000007b       0x7c Drivers/STM32F0xx_HAL_Driver/Src/stm32f0xx_hal_tim_ex.o

.debug_frame    0x0000000000000000     0x2d18
 .debug_frame   0x0000000000000000      0x168 Core/Src/main.o
 .debug_frame   0x0000000000000168       0x70 Core/Src/stm32f0xx_hal_msp.o
 .debug_frame   0x00000000000001d8       0xb8 Core/Src/stm32f0xx_it.o
 .debug_frame   0x0000000000000290      0x244 Core/Src/syscalls.o
 .debug_frame   0x00000000000004d4       0x4c Core/Src/system_stm32f0xx.o
 .debug_frame   0x0000000000000520       0xb0 Core/subsystem-can-driver/aux-data-module.o
 .debug_frame   0x00000000000005d0      0x24c Core/subsystem-can-driver/subsystem-data-module.o
 .debug_frame   0x000000000000081c      0x1d0 Core/subsystem-can-driver/helper-code/rx-module-binary-tree.o
 .debug_frame   0x00000000000009ec      0x2a4 Drivers/STM32F0xx_HAL_Driver/Src/stm32f0xx_hal.o
 .debug_frame   0x0000000000000c90      0x490 Drivers/STM32F0xx_HAL_Driver/Src/stm32f0xx_hal_can.o
 .debug_frame   0x0000000000001120      0x2a0 Drivers/STM32F0xx_HAL_Driver/Src/stm32f0xx_hal_cortex.o
 .debug_frame   0x00000000000013c0      0x110 Drivers/STM32F0xx_HAL_Driver/Src/stm32f0xx_hal_gpio.o
 .debug_frame   0x00000000000014d0      0x198 Drivers/STM32F0xx_HAL_Driver/Src/stm32f0xx_hal_rcc.o
 .debug_frame   0x0000000000001668      0xe90 Drivers/STM32F0xx_HAL_Driver/Src/stm32f0xx_hal_tim.o
 .debug_frame   0x00000000000024f8      0x4f0 Drivers/STM32F0xx_HAL_Driver/Src/stm32f0xx_hal_tim_ex.o
 .debug_frame   0x00000000000029e8       0x40 d:/st/stm32cubeide_1.0.2/stm32cubeide/plugins/com.st.stm32cube.ide.mcu.externaltools.gnu-tools-for-stm32.7-2018-q2-update.win32_1.0.0.201904181610/tools/bin/../lib/gcc/arm-none-eabi/7.3.1/../../../../arm-none-eabi/lib/thumb/v6-m\libstdc++_nano.a(pure.o)
 .debug_frame   0x0000000000002a28       0xb0 d:/st/stm32cubeide_1.0.2/stm32cubeide/plugins/com.st.stm32cube.ide.mcu.externaltools.gnu-tools-for-stm32.7-2018-q2-update.win32_1.0.0.201904181610/tools/bin/../lib/gcc/arm-none-eabi/7.3.1/../../../../arm-none-eabi/lib/thumb/v6-m\libstdc++_nano.a(eh_terminate.o)
 .debug_frame   0x0000000000002ad8       0x28 d:/st/stm32cubeide_1.0.2/stm32cubeide/plugins/com.st.stm32cube.ide.mcu.externaltools.gnu-tools-for-stm32.7-2018-q2-update.win32_1.0.0.201904181610/tools/bin/../lib/gcc/arm-none-eabi/7.3.1/../../../../arm-none-eabi/lib/thumb/v6-m\libc_nano.a(lib_a-abort.o)
 .debug_frame   0x0000000000002b00       0x20 d:/st/stm32cubeide_1.0.2/stm32cubeide/plugins/com.st.stm32cube.ide.mcu.externaltools.gnu-tools-for-stm32.7-2018-q2-update.win32_1.0.0.201904181610/tools/bin/../lib/gcc/arm-none-eabi/7.3.1/../../../../arm-none-eabi/lib/thumb/v6-m\libc_nano.a(lib_a-errno.o)
 .debug_frame   0x0000000000002b20       0x2c d:/st/stm32cubeide_1.0.2/stm32cubeide/plugins/com.st.stm32cube.ide.mcu.externaltools.gnu-tools-for-stm32.7-2018-q2-update.win32_1.0.0.201904181610/tools/bin/../lib/gcc/arm-none-eabi/7.3.1/../../../../arm-none-eabi/lib/thumb/v6-m\libc_nano.a(lib_a-init.o)
 .debug_frame   0x0000000000002b4c       0x20 d:/st/stm32cubeide_1.0.2/stm32cubeide/plugins/com.st.stm32cube.ide.mcu.externaltools.gnu-tools-for-stm32.7-2018-q2-update.win32_1.0.0.201904181610/tools/bin/../lib/gcc/arm-none-eabi/7.3.1/../../../../arm-none-eabi/lib/thumb/v6-m\libc_nano.a(lib_a-memset.o)
 .debug_frame   0x0000000000002b6c       0xe0 d:/st/stm32cubeide_1.0.2/stm32cubeide/plugins/com.st.stm32cube.ide.mcu.externaltools.gnu-tools-for-stm32.7-2018-q2-update.win32_1.0.0.201904181610/tools/bin/../lib/gcc/arm-none-eabi/7.3.1/../../../../arm-none-eabi/lib/thumb/v6-m\libc_nano.a(lib_a-signal.o)
 .debug_frame   0x0000000000002c4c       0x44 d:/st/stm32cubeide_1.0.2/stm32cubeide/plugins/com.st.stm32cube.ide.mcu.externaltools.gnu-tools-for-stm32.7-2018-q2-update.win32_1.0.0.201904181610/tools/bin/../lib/gcc/arm-none-eabi/7.3.1/../../../../arm-none-eabi/lib/thumb/v6-m\libc_nano.a(lib_a-signalr.o)
 .debug_frame   0x0000000000002c90       0x48 d:/st/stm32cubeide_1.0.2/stm32cubeide/plugins/com.st.stm32cube.ide.mcu.externaltools.gnu-tools-for-stm32.7-2018-q2-update.win32_1.0.0.201904181610/tools/bin/../lib/gcc/arm-none-eabi/7.3.1/../../../../arm-none-eabi/lib/thumb/v6-m\libc_nano.a(lib_a-reent.o)
 .debug_frame   0x0000000000002cd8       0x20 d:/st/stm32cubeide_1.0.2/stm32cubeide/plugins/com.st.stm32cube.ide.mcu.externaltools.gnu-tools-for-stm32.7-2018-q2-update.win32_1.0.0.201904181610/tools/bin/../lib/gcc/arm-none-eabi/7.3.1/thumb/v6-m\libgcc.a(_udivsi3.o)
 .debug_frame   0x0000000000002cf8       0x20 d:/st/stm32cubeide_1.0.2/stm32cubeide/plugins/com.st.stm32cube.ide.mcu.externaltools.gnu-tools-for-stm32.7-2018-q2-update.win32_1.0.0.201904181610/tools/bin/../lib/gcc/arm-none-eabi/7.3.1/thumb/v6-m\libgcc.a(_divsi3.o)
