19:50:52 **** Incremental Build of configuration Debug for project AUX_steeringwheel_code ****
make -j8 all 
arm-none-eabi-gcc "../Src/main.c" -mcpu=cortex-m0 -std=gnu11 -g3 -DUSE_HAL_DRIVER -DSTM32F072xB -DDEBUG -c -I../Inc -I../Drivers/STM32F0xx_HAL_Driver/Inc -I../Drivers/CMSIS/Include -I../Drivers/STM32F0xx_HAL_Driver/Inc/Legacy -I../Drivers/CMSIS/Device/ST/STM32F0xx/Include -O0 -ffunction-sections -fdata-sections -Wall -fstack-usage -MMD -MP -MF"Src/main.d" -MT"Src/main.o" --specs=nano.specs -mfloat-abi=soft -mthumb -o "Src/main.o"
arm-none-eabi-g++ -o "AUX_steeringwheel_code.elf" @"objects.list"   -mcpu=cortex-m0 -T"C:\Users\jenni\STM32CubeIDE\workspace_1.0.1\AUX_steeringwheel_code\STM32F072RBTX_FLASH.ld" --specs=nosys.specs -Wl,-Map="AUX_steeringwheel_code.map" -Wl,--gc-sections -static --specs=nano.specs -mfloat-abi=soft -mthumb -Wl,--start-group -lc -lm -lstdc++ -lsupc++ -Wl,--end-group
Finished building target: AUX_steeringwheel_code.elf
 
arm-none-eabi-objdump -h -S  AUX_steeringwheel_code.elf  > "AUX_steeringwheel_code.list"
arm-none-eabi-size   AUX_steeringwheel_code.elf 
   text	   data	    bss	    dec	    hex	filename
   7872	     12	   1684	   9568	   2560	AUX_steeringwheel_code.elf
Finished building: default.size.stdout
 
Finished building: AUX_steeringwheel_code.list
 

19:50:55 Build Finished. 0 errors, 0 warnings. (took 3s.154ms)

